---
source: tests/parse.rs
description: "for (;;) print y;\n\n"
expression: first_parse
---
for (;;) print y;
