---
source: tests/parse.rs
description: "foo(a1, a2, a3, a4, a5, a6, a7, a8, a9, a10, a11, a12, a13, a14, a15, a16,\na17, a18, a19, a20, a21, a22, a23, a24, a25, a26, a27, a28, a29, a30, a31, a32,\na33, a34, a35, a36, a37, a38, a39, a40, a41, a42, a43, a44, a45, a46, a47, a48,\na49, a50, a51, a52, a53, a54, a55, a56, a57, a58, a59, a60, a61, a62, a63, a64,\na65, a66, a67, a68, a69, a70, a71, a72, a73, a74, a75, a76, a77, a78, a79, a80,\na81, a82, a83, a84, a85, a86, a87, a88, a89, a90, a91, a92, a93, a94, a95, a96,\na97, a98, a99, a100, a101, a102, a103, a104, a105, a106, a107, a108, a109, a110,\na111, a112, a113, a114, a115, a116, a117, a118, a119, a120, a121, a122, a123,\na124, a125, a126, a127, a128, a129, a130, a131, a132, a133, a134, a135, a136,\na137, a138, a139, a140, a141, a142, a143, a144, a145, a146, a147, a148, a149,\na150, a151, a152, a153, a154, a155, a156, a157, a158, a159, a160, a161, a162,\na163, a164, a165, a166, a167, a168, a169, a170, a171, a172, a173, a174, a175,\na176, a177, a178, a179, a180, a181, a182, a183, a184, a185, a186, a187, a188,\na189, a190, a191, a192, a193, a194, a195, a196, a197, a198, a199, a200, a201,\na202, a203, a204, a205, a206, a207, a208, a209, a210, a211, a212, a213, a214,\na215, a216, a217, a218, a219, a220, a221, a222, a223, a224, a225, a226, a227,\na228, a229, a230, a231, a232, a233, a234, a235, a236, a237, a238, a239, a240,\na241, a242, a243, a244, a245, a246, a247, a248, a249, a250, a251, a252, a253,\na254, a255, a256, a257)\n"
expression: render_dcx()
---
error: unterminated statement
   --> err_too_many_args.lx@call_expr:19:24
   |  
 1 | / foo(a1, a2, a3, a4, a5, a6, a7, a8, a9, a10, a11, a12, a13, a14, a15, a16,
 2 | | a17, a18, a19, a20, a21, a22, a23, a24, a25, a26, a27, a28, a29, a30, a31, a32,
 3 | | a33, a34, a35, a36, a37, a38, a39, a40, a41, a42, a43, a44, a45, a46, a47, a48,
   . |
18 | | a241, a242, a243, a244, a245, a246, a247, a248, a249, a250, a251, a252, a253,
19 | | a254, a255, a256, a257)
   | |                        ^ statement should have been terminated here
   | \-----------------------' this statement
   |  
   = note: expected `;`

error: more than 255 arguments in function call
   --> err_too_many_args.lx@call_expr:19:13
   |
 1 | foo(a1, a2, a3, a4, a5, a6, a7, a8, a9, a10, a11, a12, a13, a14, a15, a16,
   | --- arguments for this call
   .
19 | a254, a255, a256, a257)
   |             ^^^^ more than 255 arguments in function call
   |
   = note: functions can have no more than 255 arguments
