---
source: tests/parse.rs
description: "class Bar {\n    foo() {}\n}\n\n"
expression: first_parse
---
class Bar {
    foo() {
    }
}
