---
source: tests/eval.rs
description: "class Foo {}\nvar foo = Foo();\nfoo.a = \"lol\";\nprint foo.a; // lol\n\n"
expression: combined
---
:: Output ::
lol
