---
source: tests/parse.rs
description: "class Foo { }\n\n"
expression: first_parse
---
class Foo {
}
