---
source: tests/eval.rs
description: "class Foo {\n    method() {\n        print \"foo\";\n    }\n}\n\nclass Bar < Foo {}\n\nBar().method(); // > foo\n\n"
expression: combined
---
:: Output ::
foo
